python3.12: can't open file '/groups/ilabt-imec-be/hpcnetworksimulation/ziyzhang/EFM_experiments/topoResearch/nexullance/IT_boost/profiling/profil_IT_fast_init.py': [Errno 2] No such file or directory
Initializing with max path length: 4, initial weight max path length: 0
Finished computing all paths for all source-destination pairs.
Initialization complete.
Nexullance_IT_fast instance destroyed.
Initializing with max path length: 4, initial weight max path length: 0
Finished computing all paths for all source-destination pairs.
Initialization complete.
Nexullance_IT_fast instance destroyed.
Initializing with max path length: 4, initial weight max path length: 0
Finished computing all paths for all source-destination pairs.
Initialization complete.
Nexullance_IT_fast instance destroyed.
Initializing with max path length: 4, initial weight max path length: 0
Finished computing all paths for all source-destination pairs.
Initialization complete.
Nexullance_IT_fast instance destroyed.
Initializing with max path length: 4, initial weight max path length: 0
Finished computing all paths for all source-destination pairs.
Initialization complete.
Nexullance_IT_fast instance destroyed.
Initializing with max path length: 4, initial weight max path length: 0
Finished computing all paths for all source-destination pairs.
Initialization complete.
Nexullance_IT_fast instance destroyed.
Initializing with max path length: 4, initial weight max path length: 0
Finished computing all paths for all source-destination pairs.
Initialization complete.
Nexullance_IT_fast instance destroyed.
Initializing with max path length: 4, initial weight max path length: 0
Finished computing all paths for all source-destination pairs.
Initializing with max path length: 4, initial weight max path length: 0
Finished computing all paths for all source-destination pairs.
Initialization complete.
Nexullance_IT_fast instance destroyed.
Initializing with max path length: 4, initial weight max path length: 0
Finished computing all paths for all source-destination pairs.
Initialization complete.
Nexullance_IT_fast instance destroyed.
Initializing with max path length: 4, initial weight max path length: 0
Finished computing all paths for all source-destination pairs.
Initialization complete.
Nexullance_IT_fast instance destroyed.
Initializing with max path length: 4, initial weight max path length: 0
Finished computing all paths for all source-destination pairs.
Initialization complete.
Nexullance_IT_fast instance destroyed.
Initializing with max path length: 4, initial weight max path length: 0
Finished computing all paths for all source-destination pairs.
Initialization complete.
Nexullance_IT_fast instance destroyed.
Initializing with max path length: 4, initial weight max path length: 0
Finished computing all paths for all source-destination pairs.
Initialization complete.
Nexullance_IT_fast instance destroyed.
Initializing with max path length: 4, initial weight max path length: 0
Finished computing all paths for all source-destination pairs.
Initialization complete.
Nexullance_IT_fast instance destroyed.
Initializing with max path length: 4, initial weight max path length: 0
Finished computing all paths for all source-destination pairs.
